2026-08-31 16:11:24 0 [Note] Starting MariaDB 10.4.32-MariaDB source revision c4143f909528e3fab0677a28631d10389354c491 as process 27024
2026-08-31 16:11:24 0 [Note] InnoDB: Mutexes and rw_locks use GCC atomic builtins
2026-08-31 16:11:24 0 [Note] InnoDB: Uses event mutexes
2026-08-31 16:11:24 0 [Note] InnoDB: Compressed tables use zlib 1.2.11
2026-08-31 16:11:24 0 [Note] InnoDB: Number of pools: 1
2026-08-31 16:11:24 0 [Note] InnoDB: Using SSE2 crc32 instructions
2026-08-31 16:11:24 0 [Note] InnoDB: Initializing buffer pool, total size = 128M, instances = 1, chunk size = 128M
2026-08-31 16:11:24 0 [Note] InnoDB: Completed initialization of buffer pool
2026-08-31 16:11:24 0 [Note] InnoDB: If the mysqld execution user is authorized, page cleaner thread priority can be changed. See the man page of setpriority().
2026-08-31 16:11:24 0 [Note] InnoDB: 128 out of 128 rollback segments are active.
2026-08-31 16:11:24 0 [Note] InnoDB: Creating shared tablespace for temporary tables
2026-08-31 16:11:24 0 [Note] InnoDB: Setting file './ibtmp1' size to 12 MB. Physically writing the file full; Please wait ...
2026-08-31 16:11:24 0 [Note] InnoDB: File './ibtmp1' size is now 12 MB.
2026-08-31 16:11:24 0 [Note] InnoDB: Waiting for purge to start
2026-08-31 16:11:24 0 [Note] InnoDB: 10.4.32 started; log sequence number 124083; transaction id 90
2026-08-31 16:11:24 0 [Note] InnoDB: Loading buffer pool(s) from /home/keneth/Downloads/web project/app/database/data/ib_buffer_pool
2026-08-31 16:11:24 0 [Note] InnoDB: Buffer pool(s) load completed at 260831 16:11:24
2026-08-31 16:11:24 0 [Note] Plugin 'FEEDBACK' is disabled.
2026-08-31 16:11:24 0 [Note] Server socket created on IP: '127.0.0.1'.
2026-08-31 16:11:24 0 [Note] Reading of all Master_info entries succeeded
2026-08-31 16:11:24 0 [Note] Added new Master_info '' to hash table
2026-08-31 16:11:24 0 [Note] /opt/lampp/sbin/mysqld: ready for connections.
Version: '10.4.32-MariaDB'  socket: '/home/keneth/Downloads/web project/app/database/mysql.sock'  port: 3307  Source distribution
2026-08-31 16:14:17 0 [Note] /opt/lampp/sbin/mysqld (initiated by: school[school] @ localhost []): Normal shutdown
2026-08-31 16:14:17 0 [Note] Event Scheduler: Purging the queue. 0 events
2026-08-31 16:14:17 0 [Note] InnoDB: FTS optimize thread exiting.
2026-08-31 16:14:17 0 [Note] InnoDB: Starting shutdown...
2026-08-31 16:14:17 0 [Note] InnoDB: Dumping buffer pool(s) to /home/keneth/Downloads/web project/app/database/data/ib_buffer_pool
2026-08-31 16:14:17 0 [Note] InnoDB: Buffer pool(s) dump completed at 260831 16:14:17
2026-08-31 16:14:19 0 [Note] InnoDB: Removed temporary tablespace data file: "ibtmp1"
2026-08-31 16:14:19 0 [Note] InnoDB: Shutdown completed; log sequence number 127957; transaction id 111
2026-08-31 16:14:19 0 [Note] /opt/lampp/sbin/mysqld: Shutdown complete

2026-08-31 16:14:54 0 [Note] Starting MariaDB 10.4.32-MariaDB source revision c4143f909528e3fab0677a28631d10389354c491 as process 27460
2026-08-31 16:14:54 0 [Note] InnoDB: Mutexes and rw_locks use GCC atomic builtins
2026-08-31 16:14:54 0 [Note] InnoDB: Uses event mutexes
2026-08-31 16:14:54 0 [Note] InnoDB: Compressed tables use zlib 1.2.11
2026-08-31 16:14:54 0 [Note] InnoDB: Number of pools: 1
2026-08-31 16:14:54 0 [Note] InnoDB: Using SSE2 crc32 instructions
2026-08-31 16:14:54 0 [Note] InnoDB: Initializing buffer pool, total size = 128M, instances = 1, chunk size = 128M
2026-08-31 16:14:54 0 [Note] InnoDB: Completed initialization of buffer pool
2026-08-31 16:14:54 0 [Note] InnoDB: If the mysqld execution user is authorized, page cleaner thread priority can be changed. See the man page of setpriority().
2026-08-31 16:14:54 0 [Note] InnoDB: 128 out of 128 rollback segments are active.
2026-08-31 16:14:54 0 [Note] InnoDB: Creating shared tablespace for temporary tables
2026-08-31 16:14:54 0 [Note] InnoDB: Setting file './ibtmp1' size to 12 MB. Physically writing the file full; Please wait ...
2026-08-31 16:14:54 0 [Note] InnoDB: File './ibtmp1' size is now 12 MB.
2026-08-31 16:14:54 0 [Note] InnoDB: Waiting for purge to start
2026-08-31 16:14:55 0 [Note] InnoDB: 10.4.32 started; log sequence number 127957; transaction id 112
2026-08-31 16:14:55 0 [Note] InnoDB: Loading buffer pool(s) from /home/keneth/Downloads/web project/app/database/data/ib_buffer_pool
2026-08-31 16:14:55 0 [Note] Plugin 'FEEDBACK' is disabled.
2026-08-31 16:14:55 0 [Note] InnoDB: Buffer pool(s) load completed at 260831 16:14:55
2026-08-31 16:14:55 0 [Note] Server socket created on IP: '127.0.0.1'.
2026-08-31 16:14:55 0 [Note] Reading of all Master_info entries succeeded
2026-08-31 16:14:55 0 [Note] Added new Master_info '' to hash table
2026-08-31 16:14:55 0 [Note] /opt/lampp/sbin/mysqld: ready for connections.
Version: '10.4.32-MariaDB'  socket: '/home/keneth/Downloads/web project/app/database/mysql.sock'  port: 3307  Source distribution
2026-08-31 16:15:23 0 [Note] /opt/lampp/sbin/mysqld (initiated by: school[school] @ localhost []): Normal shutdown
2026-08-31 16:15:23 0 [Note] Event Scheduler: Purging the queue. 0 events
2026-08-31 16:15:23 0 [Note] InnoDB: FTS optimize thread exiting.
2026-08-31 16:15:23 0 [Note] InnoDB: Starting shutdown...
2026-08-31 16:15:23 0 [Note] InnoDB: Dumping buffer pool(s) to /home/keneth/Downloads/web project/app/database/data/ib_buffer_pool
2026-08-31 16:15:23 0 [Note] InnoDB: Buffer pool(s) dump completed at 260831 16:15:23
2026-08-31 16:15:24 0 [Note] InnoDB: Removed temporary tablespace data file: "ibtmp1"
2026-08-31 16:15:24 0 [Note] InnoDB: Shutdown completed; log sequence number 128335; transaction id 119
2026-08-31 16:15:24 0 [Note] /opt/lampp/sbin/mysqld: Shutdown complete

2026-08-31 16:18:16 0 [Note] Starting MariaDB 10.4.32-MariaDB source revision c4143f909528e3fab0677a28631d10389354c491 as process 28606
2026-08-31 16:18:16 0 [Note] InnoDB: Mutexes and rw_locks use GCC atomic builtins
2026-08-31 16:18:16 0 [Note] InnoDB: Uses event mutexes
2026-08-31 16:18:16 0 [Note] InnoDB: Compressed tables use zlib 1.2.11
2026-08-31 16:18:16 0 [Note] InnoDB: Number of pools: 1
2026-08-31 16:18:16 0 [Note] InnoDB: Using SSE2 crc32 instructions
2026-08-31 16:18:16 0 [Note] InnoDB: Initializing buffer pool, total size = 128M, instances = 1, chunk size = 128M
2026-08-31 16:18:16 0 [Note] InnoDB: Completed initialization of buffer pool
2026-08-31 16:18:16 0 [Note] InnoDB: If the mysqld execution user is authorized, page cleaner thread priority can be changed. See the man page of setpriority().
2026-08-31 16:18:17 0 [Note] InnoDB: 128 out of 128 rollback segments are active.
2026-08-31 16:18:17 0 [Note] InnoDB: Creating shared tablespace for temporary tables
2026-08-31 16:18:17 0 [Note] InnoDB: Setting file './ibtmp1' size to 12 MB. Physically writing the file full; Please wait ...
2026-08-31 16:18:17 0 [Note] InnoDB: File './ibtmp1' size is now 12 MB.
2026-08-31 16:18:17 0 [Note] InnoDB: 10.4.32 started; log sequence number 128335; transaction id 120
2026-08-31 16:18:17 0 [Note] InnoDB: Loading buffer pool(s) from /home/keneth/Downloads/web project/app/database/data/ib_buffer_pool
2026-08-31 16:18:17 0 [Note] Plugin 'FEEDBACK' is disabled.
2026-08-31 16:18:17 0 [Note] Server socket created on IP: '127.0.0.1'.
2026-08-31 16:18:17 0 [Note] InnoDB: Buffer pool(s) load completed at 260831 16:18:17
2026-08-31 16:18:17 0 [Note] Reading of all Master_info entries succeeded
2026-08-31 16:18:17 0 [Note] Added new Master_info '' to hash table
2026-08-31 16:18:17 0 [Note] /opt/lampp/sbin/mysqld: ready for connections.
Version: '10.4.32-MariaDB'  socket: '/home/keneth/Downloads/web project/app/database/mysql.sock'  port: 3307  Source distribution
